============================= test session starts =============================
platform win32 -- Python 3.14.3, pytest-9.0.2, pluggy-1.6.0 -- C:\Program Files\Python314\python.exe
cachedir: .pytest_cache
rootdir: C:\Users\lynch\.config\superpowers\worktrees\AI-toolkit\feat-comfyui-capability-panel
configfile: pyproject.toml
plugins: anyio-4.12.1, asyncio-1.3.0
asyncio: mode=Mode.AUTO, debug=False, asyncio_default_fixture_loop_scope=None, asyncio_default_test_loop_scope=function
collecting ... collected 265 items

tests/test_comfyui_api_client.py::TestQueuePrompt::test_success_returns_prompt_id PASSED [  0%]
tests/test_comfyui_api_client.py::TestQueuePrompt::test_missing_prompt_id_raises PASSED [  0%]
tests/test_comfyui_api_client.py::TestQueuePrompt::test_http_error_propagated PASSED [  1%]
tests/test_comfyui_api_client.py::TestFetchHistory::test_success_returns_json PASSED [  1%]
tests/test_comfyui_api_client.py::TestFetchHistory::test_404_returns_none PASSED [  1%]
tests/test_comfyui_api_client.py::TestFetchHistory::test_500_raises PASSED [  2%]
tests/test_comfyui_api_client.py::TestWaitForOutputs::test_returns_when_outputs_available PASSED [  2%]
tests/test_comfyui_api_client.py::TestWaitForOutputs::test_polls_until_outputs_appear PASSED [  3%]
tests/test_comfyui_api_client.py::TestWaitForOutputs::test_timeout_raises PASSED [  3%]
tests/test_comfyui_default_model_env.py::test_env_var_overrides_default_model PASSED [  3%]
tests/test_comfyui_default_model_env.py::test_no_env_var_uses_fallback PASSED [  4%]
tests/test_comfyui_queue_prompt.py::TestQueuePrompt::test_accepts_valid_api_format_and_posts PASSED [  4%]
tests/test_comfyui_queue_prompt.py::TestQueuePrompt::test_rejects_ui_format PASSED [  4%]
tests/test_comfyui_queue_prompt.py::TestQueuePrompt::test_rejects_invalid_json PASSED [  5%]
tests/test_comfyui_queue_prompt.py::TestQueuePrompt::test_rejects_empty_workflow PASSED [  5%]
tests/test_comfyui_queue_prompt.py::TestQueuePrompt::test_returns_error_on_comfyui_failure PASSED [  6%]
tests/test_comfyui_queue_prompt.py::TestQueuePrompt::test_strips_gemma_quoted_strings PASSED [  6%]
tests/test_comfyui_queue_prompt.py::TestQueuePrompt::test_strips_gemma_special_tokens PASSED [  6%]
tests/test_comfyui_workflow_manager_defaults.py::test_workflow_catalog_infers_audio_defaults PASSED [  7%]
tests/test_compose_smoke.py::test_compose_config_valid FAILED            [  7%]
tests/test_compose_smoke.py::test_compose_config_includes_networks FAILED [  7%]
tests/test_compose_smoke.py::test_compose_vllm_override_config_valid SKIPPED [  8%]
tests/test_compose_smoke.py::test_compose_up_and_services_healthy SKIPPED [  8%]
tests/test_dashboard_auth_middleware.py::TestNonApiPathsBypassAuth::test_root_returns_success_without_auth PASSED [  9%]
tests/test_dashboard_auth_middleware.py::TestNonApiPathsBypassAuth::test_static_asset_returns_success_without_auth PASSED [  9%]
tests/test_dashboard_auth_middleware.py::TestAllowlistedPathsBypassAuth::test_allowlisted_path_no_401[/api/health] PASSED [  9%]
tests/test_dashboard_auth_middleware.py::TestAllowlistedPathsBypassAuth::test_allowlisted_path_no_401[/api/dependencies] PASSED [ 10%]
tests/test_dashboard_auth_middleware.py::TestAllowlistedPathsBypassAuth::test_allowlisted_path_no_401[/api/auth/config] PASSED [ 10%]
tests/test_dashboard_auth_middleware.py::TestAllowlistedPathsBypassAuth::test_allowlisted_path_no_401[/api/hardware] PASSED [ 10%]
tests/test_dashboard_auth_middleware.py::TestAllowlistedPathsBypassAuth::test_allowlisted_path_no_401[/api/rag/status] PASSED [ 11%]
tests/test_dashboard_auth_middleware.py::TestAllowlistedPathsBypassAuth::test_allowlisted_path_no_401[/api/orchestration/readiness] PASSED [ 11%]
tests/test_dashboard_auth_middleware.py::TestThroughputRecordAuth::test_throughput_record_rejects_missing_token PASSED [ 12%]
tests/test_dashboard_auth_middleware.py::TestThroughputRecordAuth::test_throughput_record_rejects_wrong_token PASSED [ 12%]
tests/test_dashboard_auth_middleware.py::TestThroughputRecordAuth::test_throughput_record_accepts_correct_token PASSED [ 12%]
tests/test_dashboard_auth_middleware.py::TestThroughputRecordAuth::test_throughput_record_no_token_configured_allows_request PASSED [ 13%]
tests/test_dashboard_auth_middleware.py::TestProtectedApiEndpoints::test_protected_endpoint_rejects_no_token PASSED [ 13%]
tests/test_dashboard_auth_middleware.py::TestProtectedApiEndpoints::test_protected_endpoint_rejects_wrong_token PASSED [ 13%]
tests/test_dashboard_auth_middleware.py::TestProtectedApiEndpoints::test_protected_endpoint_rejects_malformed_header PASSED [ 14%]
tests/test_dashboard_auth_middleware.py::TestProtectedApiEndpoints::test_protected_endpoint_accepts_correct_token PASSED [ 14%]
tests/test_dashboard_auth_middleware.py::TestAuthDisabled::test_protected_endpoint_accessible_without_token PASSED [ 15%]
tests/test_dashboard_auth_middleware.py::TestAuthDisabled::test_protected_endpoint_accessible_with_arbitrary_token PASSED [ 15%]
tests/test_dashboard_comfyui_packs.py::test_packs_endpoint_exposes_capability_field FAILED [ 15%]
tests/test_dashboard_comfyui_packs.py::test_packs_endpoint_exposes_resolved_files FAILED [ 16%]
tests/test_dashboard_dependencies.py::test_dependencies_returns_200 PASSED [ 16%]
tests/test_dashboard_gpu_processes.py::test_pid_label_llm PASSED         [ 16%]
tests/test_dashboard_gpu_processes.py::test_pid_label_llama_underscore PASSED [ 17%]
tests/test_dashboard_gpu_processes.py::test_pid_label_comfyui PASSED     [ 17%]
tests/test_dashboard_gpu_processes.py::test_pid_label_embed PASSED       [ 18%]
tests/test_dashboard_gpu_processes.py::test_pid_label_fallback_python PASSED [ 18%]
tests/test_dashboard_gpu_processes.py::test_pid_label_non_python_truncates PASSED [ 18%]
tests/test_dashboard_gpu_processes.py::test_pid_label_process_gone PASSED [ 19%]
tests/test_dashboard_gpu_processes.py::test_pid_label_access_denied PASSED [ 19%]
tests/test_dashboard_gpu_processes.py::test_gpu_processes_endpoint_returns_structure PASSED [ 20%]
tests/test_dashboard_gpu_processes.py::test_gpu_processes_vram_pct_sums_to_at_most_100 PASSED [ 20%]
tests/test_dashboard_gpu_processes.py::test_gpu_processes_endpoint_handles_nvml_unavailable PASSED [ 20%]
tests/test_dashboard_gpu_processes.py::test_gpu_processes_no_auth_required PASSED [ 21%]
tests/test_dashboard_health.py::test_health_returns_200 PASSED           [ 21%]
tests/test_dashboard_health.py::test_health_has_ok_and_services PASSED   [ 21%]
tests/test_dashboard_performance.py::test_open_webui_default_model_prefers_chat_alias PASSED [ 22%]
tests/test_dashboard_performance.py::test_throughput_record_persists_ttft_in_summary PASSED [ 22%]
tests/test_dependency_registry_probe.py::test_mcp_gateway_http_400_counts_as_reachable PASSED [ 23%]
tests/test_dependency_registry_probe.py::test_other_services_http_400_still_fails PASSED [ 23%]
tests/test_generate_song_workflow_contract.py::test_generate_song_workflow_is_generic_and_parameterized FAILED [ 23%]
tests/test_mcp_policy.py::test_mcp_servers_returns_enabled_catalog_dynamic_registry PASSED [ 24%]
tests/test_mcp_policy.py::test_mcp_health_returns_ok_gateway_servers_list PASSED [ 24%]
tests/test_mcp_policy.py::test_mcp_servers_registry_allow_clients_structure PASSED [ 24%]
tests/test_merge_gateway_config.py::test_secret_ref_shape PASSED         [ 25%]
tests/test_merge_gateway_config.py::test_normalize_env_secret_id_hyphens PASSED [ 25%]
tests/test_merge_gateway_config.py::test_sanitize_channel_refs_hyphenated_id PASSED [ 26%]
tests/test_merge_gateway_config.py::test_sanitize_channel_refs_provider_case PASSED [ 26%]
tests/test_merge_gateway_config.py::test_inject_discord_from_discord_token PASSED [ 26%]
tests/test_merge_gateway_config.py::test_inject_discord_from_discord_bot_token PASSED [ 27%]
tests/test_merge_gateway_config.py::test_inject_telegram PASSED          [ 27%]
tests/test_merge_gateway_config.py::test_no_env_leaves_tokens_unchanged PASSED [ 27%]
tests/test_merge_gateway_config.py::test_channels_not_dict_skips PASSED  [ 28%]
tests/test_merge_gateway_config.py::test_merge_elevated_allow_webchat_off_by_default PASSED [ 28%]
tests/test_merge_gateway_config.py::test_merge_elevated_allow_webchat_on PASSED [ 29%]
tests/test_merge_gateway_config.py::test_sanitize_elevated_allow_from_booleans PASSED [ 29%]
tests/test_merge_gateway_config.py::test_merge_discord_guild_allowlist_off PASSED [ 29%]
tests/test_merge_gateway_config.py::test_merge_discord_guild_allowlist_on PASSED [ 30%]
tests/test_merge_gateway_config.py::test_merge_discord_guild_allowlist_removes_stale PASSED [ 30%]
tests/test_merge_gateway_config.py::test_merge_discord_user_allowlist_scoped_to_env_guilds PASSED [ 30%]
tests/test_merge_gateway_config.py::test_merge_discord_user_allowlist_replaces_not_appends PASSED [ 31%]
tests/test_merge_gateway_config.py::test_merge_unrestricted_gateway_container_off PASSED [ 31%]
tests/test_merge_gateway_config.py::test_merge_deny_builtin_browser_default PASSED [ 32%]
tests/test_merge_gateway_config.py::test_merge_deny_builtin_browser_idempotent PASSED [ 32%]
tests/test_merge_gateway_config.py::test_merge_deny_builtin_browser_opt_in PASSED [ 32%]
tests/test_merge_gateway_config.py::test_merge_unrestricted_gateway_container_on PASSED [ 33%]
tests/test_merge_gateway_config.py::test_bootstrap_caps_read_from_env PASSED [ 33%]
tests/test_model_gateway_config.py::test_litellm_config_advertises_canonical_model_names PASSED [ 33%]
tests/test_model_gateway_config.py::test_litellm_dockerfile_uses_proxy_image PASSED [ 34%]
tests/test_openclaude_install_module.py::test_ts_hostname_env_takes_precedence PASSED [ 34%]
tests/test_openclaude_install_module.py::test_falls_back_to_host_header_minus_port PASSED [ 35%]
tests/test_openclaude_install_module.py::test_host_header_without_port PASSED [ 35%]
tests/test_openclaude_install_module.py::test_localhost_host_header_raises PASSED [ 35%]
tests/test_openclaude_install_module.py::test_loopback_ip_host_header_raises PASSED [ 36%]
tests/test_openclaude_install_module.py::test_no_inputs_raises PASSED    [ 36%]
tests/test_openclaude_install_module.py::test_blog_preflight_returns_true_on_2xx PASSED [ 36%]
tests/test_openclaude_install_module.py::test_blog_preflight_returns_false_on_connection_error PASSED [ 37%]
tests/test_openclaude_install_module.py::test_blog_preflight_caches_result_within_ttl PASSED [ 37%]
tests/test_openclaude_install_module.py::test_blog_preflight_refreshes_after_ttl PASSED [ 38%]
tests/test_openclaude_install_module.py::test_render_claude_json_includes_gateway_and_local_tools_only_when_blog_unreachable PASSED [ 38%]
tests/test_openclaude_install_module.py::test_render_claude_json_includes_blog_when_reachable PASSED [ 38%]
tests/test_openclaude_install_module.py::test_render_claude_json_omits_blog_when_no_api_key_even_if_reachable PASSED [ 39%]
tests/test_openclaude_install_module.py::test_sh_script_contains_required_actions PASSED [ 39%]
tests/test_openclaude_install_module.py::test_sh_script_writes_claude_json_with_local_tools PASSED [ 40%]
tests/test_openclaude_install_module.py::test_ps1_script_contains_required_actions PASSED [ 40%]
tests/test_openclaude_install_module.py::test_sh_script_omits_blog_block_when_unreachable PASSED [ 40%]
tests/test_openclaude_install_module.py::test_sh_script_includes_blog_block_when_reachable PASSED [ 41%]
tests/test_openclaude_install_routes.py::test_preview_returns_200_and_expected_keys PASSED [ 41%]
tests/test_openclaude_install_routes.py::test_preview_503_when_no_hostname PASSED [ 41%]
tests/test_openclaude_install_routes.py::test_install_sh_returns_text_plain_with_substituted_host PASSED [ 42%]
tests/test_openclaude_install_routes.py::test_install_ps1_returns_text_plain_with_substituted_host PASSED [ 42%]
tests/test_openclaude_install_routes.py::test_install_sh_omits_blog_when_blog_unreachable PASSED [ 43%]
tests/test_openclaude_install_routes.py::test_install_503_when_no_hostname PASSED [ 43%]
tests/test_openclaw_gateway_model_defaults.py::test_merge_script_pins_canonical_local_chat_primary PASSED [ 43%]
tests/test_openclaw_gateway_model_defaults.py::test_openclaw_config_uses_canonical_local_chat_primary PASSED [ 44%]
tests/test_openclaw_mcp_bridge_contract.py::test_mcp_bridge_prompt_prefers_flat_tools_when_enabled PASSED [ 44%]
tests/test_openclaw_mcp_bridge_contract.py::test_mcp_bridge_recovers_malformed_gateway_call_payloads PASSED [ 44%]
tests/test_openclaw_mcp_bridge_contract.py::test_mcp_bridge_relaxes_and_coerces_flat_tool_params PASSED [ 45%]
tests/test_openclaw_mcp_bridge_contract.py::test_mcp_bridge_loosens_object_type_schema PASSED [ 45%]
tests/test_openclaw_mcp_bridge_contract.py::test_mcp_bridge_coerces_object_string_fields PASSED [ 46%]
tests/test_openclaw_mcp_bridge_contract.py::test_mcp_bridge_strips_integer_trailing_artifacts PASSED [ 46%]
tests/test_openclaw_mcp_bridge_contract.py::test_mcp_bridge_model_tier_detection PASSED [ 46%]
tests/test_openclaw_mcp_bridge_contract.py::test_mcp_bridge_retry_state_utilities PASSED [ 47%]
tests/test_openclaw_mcp_bridge_contract.py::test_mcp_bridge_retry_tier_logic PASSED [ 47%]
tests/test_openclaw_mcp_bridge_contract.py::test_mcp_bridge_response_truncation PASSED [ 47%]
tests/test_openclaw_mcp_bridge_contract.py::test_mcp_bridge_truncation_annotation_correct PASSED [ 48%]
tests/test_openclaw_mcp_bridge_contract.py::test_mcp_bridge_proxy_retry_tracking PASSED [ 48%]
tests/test_openclaw_mcp_bridge_contract.py::test_mcp_bridge_gateway_call_description_is_adaptive PASSED [ 49%]
tests/test_openclaw_mcp_bridge_contract.py::test_mcp_bridge_supports_selective_flat_tool_allowlist PASSED [ 49%]
tests/test_openclaw_mcp_bridge_runtime_contract.py::test_bridge_runtime_registers_discover_tool_and_compact_contract PASSED [ 49%]
tests/test_openclaw_mcp_bridge_runtime_contract.py::test_bridge_defaults_keep_schema_injection_off PASSED [ 50%]
tests/test_openclaw_mcp_plugin_config.py::test_ensure_plugin_manifest_updates_existing_file PASSED [ 50%]
tests/test_openclaw_mcp_plugin_config.py::test_normalize_mcp_bridge_servers_enables_flat_tools PASSED [ 50%]
tests/test_openclaw_runtime_contract.py::test_openclaw_bridge_runtime_contract_is_stable FAILED [ 51%]
tests/test_openclaw_runtime_contract.py::test_openclaw_workspace_agents_bootstrap_stays_under_limit FAILED [ 51%]
tests/test_openclaw_runtime_contract.py::test_openclaw_sync_script_preserves_selective_bridge_contract PASSED [ 52%]
tests/test_openclaw_session_status_contract.py::test_mcp_bridge_persists_session_status_and_status_rule PASSED [ 52%]
tests/test_openclaw_session_status_contract.py::test_workspace_agents_require_prose_status_reply FAILED [ 52%]
tests/test_ops_controller_audit.py::test_audit_schema_fields PASSED      [ 53%]
tests/test_ops_controller_audit.py::test_audit_schema_error_result PASSED [ 53%]
tests/test_ops_controller_audit.py::test_audit_schema_correlation_id PASSED [ 53%]
tests/test_ops_controller_audit.py::test_audit_log_rotates_when_over_max_bytes PASSED [ 54%]
tests/test_ops_controller_audit.py::test_audit_after_rotation_writes_fresh_file PASSED [ 54%]
tests/test_ops_controller_auth.py::TestAuthEnforcement::test_missing_auth_returns_401[post-/services/llamacpp/restart-body0] PASSED [ 55%]
tests/test_ops_controller_auth.py::TestAuthEnforcement::test_missing_auth_returns_401[post-/services/llamacpp/start-body1] PASSED [ 55%]
tests/test_ops_controller_auth.py::TestAuthEnforcement::test_missing_auth_returns_401[post-/services/llamacpp/stop-body2] PASSED [ 55%]
tests/test_ops_controller_auth.py::TestAuthEnforcement::test_missing_auth_returns_401[post-/services/llamacpp/recreate-body3] PASSED [ 56%]
tests/test_ops_controller_auth.py::TestAuthEnforcement::test_missing_auth_returns_401[get-/services/llamacpp/logs-None] PASSED [ 56%]
tests/test_ops_controller_auth.py::TestAuthEnforcement::test_missing_auth_returns_401[post-/images/pull-body5] PASSED [ 56%]
tests/test_ops_controller_auth.py::TestAuthEnforcement::test_missing_auth_returns_401[get-/mcp/containers-None] PASSED [ 57%]
tests/test_ops_controller_auth.py::TestAuthEnforcement::test_missing_auth_returns_401[post-/env/set-body7] PASSED [ 57%]
tests/test_ops_controller_auth.py::TestAuthEnforcement::test_missing_auth_returns_401[get-/env/HF_TOKEN-None] PASSED [ 58%]
tests/test_ops_controller_auth.py::TestAuthEnforcement::test_missing_auth_returns_401[get-/audit-None] PASSED [ 58%]
tests/test_ops_controller_auth.py::TestAuthEnforcement::test_missing_auth_returns_401[post-/models/download-body10] PASSED [ 58%]
tests/test_ops_controller_auth.py::TestAuthEnforcement::test_missing_auth_returns_401[get-/models/download/status-None] PASSED [ 59%]
tests/test_ops_controller_auth.py::TestAuthEnforcement::test_wrong_token_returns_403[post-/services/llamacpp/restart-body0] PASSED [ 59%]
tests/test_ops_controller_auth.py::TestAuthEnforcement::test_wrong_token_returns_403[post-/services/llamacpp/start-body1] PASSED [ 60%]
tests/test_ops_controller_auth.py::TestAuthEnforcement::test_wrong_token_returns_403[post-/services/llamacpp/stop-body2] PASSED [ 60%]
tests/test_ops_controller_auth.py::TestAuthEnforcement::test_wrong_token_returns_403[post-/services/llamacpp/recreate-body3] PASSED [ 60%]
tests/test_ops_controller_auth.py::TestAuthEnforcement::test_wrong_token_returns_403[get-/services/llamacpp/logs-None] PASSED [ 61%]
tests/test_ops_controller_auth.py::TestAuthEnforcement::test_wrong_token_returns_403[post-/images/pull-body5] PASSED [ 61%]
tests/test_ops_controller_auth.py::TestAuthEnforcement::test_wrong_token_returns_403[get-/mcp/containers-None] PASSED [ 61%]
tests/test_ops_controller_auth.py::TestAuthEnforcement::test_wrong_token_returns_403[post-/env/set-body7] PASSED [ 62%]
tests/test_ops_controller_auth.py::TestAuthEnforcement::test_wrong_token_returns_403[get-/env/HF_TOKEN-None] PASSED [ 62%]
tests/test_ops_controller_auth.py::TestAuthEnforcement::test_wrong_token_returns_403[get-/audit-None] PASSED [ 63%]
tests/test_ops_controller_auth.py::TestAuthEnforcement::test_wrong_token_returns_403[post-/models/download-body10] PASSED [ 63%]
tests/test_ops_controller_auth.py::TestAuthEnforcement::test_wrong_token_returns_403[get-/models/download/status-None] PASSED [ 63%]
tests/test_ops_controller_auth.py::TestAuthEnforcement::test_valid_token_passes_auth PASSED [ 64%]
tests/test_ops_controller_auth.py::TestAuthEnforcement::test_no_token_configured_returns_503 PASSED [ 64%]
tests/test_ops_controller_ssrf.py::TestValidateDownloadUrl::test_allowed_host_passes PASSED [ 64%]
tests/test_ops_controller_ssrf.py::TestValidateDownloadUrl::test_disallowed_host_rejected PASSED [ 65%]
tests/test_ops_controller_ssrf.py::TestValidateDownloadUrl::test_private_ip_rejected PASSED [ 65%]
tests/test_ops_controller_ssrf.py::TestValidateDownloadUrl::test_link_local_ip_rejected PASSED [ 66%]
tests/test_ops_controller_ssrf.py::TestValidateDownloadUrl::test_empty_host_rejected PASSED [ 66%]
tests/test_orchestration_api.py::test_ui_export_detection PASSED         [ 66%]
tests/test_orchestration_api.py::test_assert_api_workflow_rejects_ui PASSED [ 67%]
tests/test_orchestration_api.py::test_readiness_ok_when_probes_pass PASSED [ 67%]
tests/test_orchestration_api.py::test_validate_endpoint_rejects_ui PASSED [ 67%]
tests/test_orchestration_api.py::test_readiness_endpoint_503_when_not_ready PASSED [ 68%]
tests/test_orchestration_api.py::test_readiness_public_no_auth PASSED    [ 68%]
tests/test_orchestration_api.py::test_template_compile_minimal PASSED    [ 69%]
tests/test_orchestration_api.py::test_load_template_rejects_path_traversal PASSED [ 69%]
tests/test_orchestration_api.py::test_sanitize_workflow_id_strips_gemma_wrappers PASSED [ 69%]
tests/test_orchestration_api.py::test_apply_param_placeholders_fills_optional_audio_defaults PASSED [ 70%]
tests/test_orchestration_e2e.py::test_full_pipeline_compile_run_artifact_publish_callback PASSED [ 70%]
tests/test_orchestration_e2e.py::test_run_workflow_sanitizes_gemma_wrapped_workflow_id PASSED [ 70%]
tests/test_orchestration_e2e.py::test_cancel_queued_job PASSED           [ 71%]
tests/test_orchestration_e2e.py::test_stale_running_job_recovery PASSED  [ 71%]
tests/test_orchestration_e2e.py::test_workflow_version_lifecycle PASSED  [ 72%]
tests/test_orchestration_e2e.py::test_schedule_crud PASSED               [ 72%]
tests/test_orchestration_e2e.py::test_invalid_state_transition_rejected PASSED [ 72%]
tests/test_orchestration_e2e.py::test_invalid_state_transition_cancelled_is_terminal PASSED [ 73%]
tests/test_orchestration_e2e.py::test_safe_workflow_path_rejects_traversal PASSED [ 73%]
tests/test_orchestration_outbox.py::TestPublishCallback::test_happy_path_delivered PASSED [ 73%]
tests/test_orchestration_outbox.py::TestPublishCallback::test_callback_failed_status PASSED [ 74%]
tests/test_orchestration_outbox.py::TestPublishCallback::test_callback_without_idempotency_key PASSED [ 74%]
tests/test_orchestration_outbox.py::TestPublishCallback::test_callback_nonexistent_job PASSED [ 75%]
tests/test_orchestration_outbox.py::TestPublishCallback::test_callback_rejects_invalid_status PASSED [ 75%]
tests/test_orchestration_outbox.py::TestOutboxDB::test_create_and_retrieve_pending PASSED [ 75%]
tests/test_orchestration_outbox.py::TestOutboxDB::test_idempotency_key_is_deterministic PASSED [ 76%]
tests/test_orchestration_outbox.py::TestOutboxDB::test_mark_outbox_delivered PASSED [ 76%]
tests/test_orchestration_outbox.py::TestOutboxDB::test_record_attempt_increments_count PASSED [ 76%]
tests/test_orchestration_outbox.py::TestOutboxDB::test_exponential_backoff_delays PASSED [ 77%]
tests/test_orchestration_outbox.py::TestOutboxDB::test_max_attempts_excludes_from_pending PASSED [ 77%]
tests/test_queue_prompt_integration.py::test_queue_prompt_registered_in_system_tools PASSED [ 78%]
tests/test_queue_prompt_integration.py::test_queue_prompt_minimal_flux_workflow PASSED [ 78%]
tests/test_rag_ingestion_unit.py::test_chunk_splits_words_with_overlap PASSED [ 78%]
tests/test_rag_ingestion_unit.py::test_chunk_empty PASSED                [ 79%]
tests/test_rag_ingestion_unit.py::test_file_key_relative PASSED          [ 79%]
tests/test_rag_ingestion_unit.py::test_supported_extensions_include_common_types PASSED [ 80%]
tests/test_rag_status.py::test_rag_status_returns_ok_and_counts PASSED   [ 80%]
tests/test_rag_status.py::test_rag_status_empty_collection_404 PASSED    [ 80%]
tests/test_services_and_throughput.py::test_services_returns_all_services PASSED [ 81%]
tests/test_services_and_throughput.py::test_services_have_required_fields PASSED [ 81%]
tests/test_services_and_throughput.py::test_services_do_not_leak_auth_token PASSED [ 81%]
tests/test_services_and_throughput.py::test_ollama_library_returns_models PASSED [ 82%]
tests/test_services_and_throughput.py::test_throughput_record_accepts_sample PASSED [ 82%]
tests/test_services_and_throughput.py::test_throughput_record_ignores_zero_tps PASSED [ 83%]
tests/test_services_and_throughput.py::test_throughput_record_ignores_empty_model PASSED [ 83%]
tests/test_services_and_throughput.py::test_throughput_stats_returns_models PASSED [ 83%]
tests/test_services_and_throughput.py::test_throughput_service_usage_returns_by_model PASSED [ 84%]
tests/test_services_and_throughput.py::test_auth_config_no_auth PASSED   [ 84%]
tests/test_services_and_throughput.py::test_unhandled_exception_returns_500_not_traceback PASSED [ 84%]
tests/test_settings_validation.py::TestValidatedPort::test_valid_port PASSED [ 85%]
tests/test_settings_validation.py::TestValidatedPort::test_missing_env_returns_default PASSED [ 85%]
tests/test_settings_validation.py::TestValidatedPort::test_non_numeric_returns_default PASSED [ 86%]
tests/test_settings_validation.py::TestValidatedPort::test_zero_returns_default PASSED [ 86%]
tests/test_settings_validation.py::TestValidatedPort::test_port_too_high_returns_default PASSED [ 86%]
tests/test_settings_validation.py::TestValidatedPort::test_negative_returns_default PASSED [ 87%]
tests/test_settings_validation.py::TestValidatedPort::test_blocked_irc_port_still_returns_value PASSED [ 87%]
tests/test_settings_validation.py::TestValidatedPort::test_boundary_port_1 PASSED [ 87%]
tests/test_settings_validation.py::TestValidatedPort::test_boundary_port_65535 PASSED [ 88%]
tests/test_settings_validation.py::TestValidatedPort::test_whitespace_stripped PASSED [ 88%]
tests/test_text_sanitizers.py::TestCleanGemmaSpecialTokens::test_no_special_tokens_unchanged PASSED [ 89%]
tests/test_text_sanitizers.py::TestCleanGemmaSpecialTokens::test_double_quote_token PASSED [ 89%]
tests/test_text_sanitizers.py::TestCleanGemmaSpecialTokens::test_single_quote_token PASSED [ 89%]
tests/test_text_sanitizers.py::TestCleanGemmaSpecialTokens::test_backtick_token PASSED [ 90%]
tests/test_text_sanitizers.py::TestCleanGemmaSpecialTokens::test_newline_token PASSED [ 90%]
tests/test_text_sanitizers.py::TestCleanGemmaSpecialTokens::test_generic_single_char_token PASSED [ 90%]
tests/test_text_sanitizers.py::TestCleanGemmaSpecialTokens::test_early_exit_no_pipe PASSED [ 91%]
tests/test_text_sanitizers.py::TestSanitizeWorkflowId::test_none_returns_none PASSED [ 91%]
tests/test_text_sanitizers.py::TestSanitizeWorkflowId::test_plain_id PASSED [ 92%]
tests/test_text_sanitizers.py::TestSanitizeWorkflowId::test_strips_whitespace PASSED [ 92%]
tests/test_text_sanitizers.py::TestSanitizeWorkflowId::test_strips_surrounding_quotes PASSED [ 92%]
tests/test_text_sanitizers.py::TestSanitizeWorkflowId::test_mismatched_quotes_not_stripped PASSED [ 93%]
tests/test_text_sanitizers.py::TestSanitizeWorkflowId::test_cleans_gemma_tokens_then_strips PASSED [ 93%]
tests/test_text_sanitizers.py::TestSanitizeWorkflowId::test_empty_string_returns_none PASSED [ 93%]
tests/test_text_sanitizers.py::TestSanitizeWorkflowId::test_only_quotes_returns_none PASSED [ 94%]
tests/test_text_sanitizers.py::TestSanitizeWorkflowId::test_path_traversal_not_stripped PASSED [ 94%]
tests/test_validate_openclaw_config.py::test_valid_example_passes PASSED [ 95%]
tests/test_validate_openclaw_config.py::test_missing_gateway_fails PASSED [ 95%]
tests/test_workflow_versioning.py::test_save_and_list_versions PASSED    [ 95%]
tests/test_workflow_versioning.py::test_save_increments_version PASSED   [ 96%]
tests/test_workflow_versioning.py::test_diff_two_versions PASSED         [ 96%]
tests/test_workflow_versioning.py::test_diff_identical_versions PASSED   [ 96%]
tests/test_workflow_versioning.py::test_promote_version PASSED           [ 97%]
tests/test_workflow_versioning.py::test_rollback_creates_new_version PASSED [ 97%]
tests/test_workflow_versioning.py::test_diff_nonexistent_version_returns_404 PASSED [ 98%]
tests/test_workflow_versioning.py::test_diff_one_version_missing_returns_404 PASSED [ 98%]
tests/test_workflow_versioning.py::test_promote_nonexistent_version_returns_404 PASSED [ 98%]
tests/test_workflow_versioning.py::test_rollback_nonexistent_version_returns_404 PASSED [ 99%]
tests/test_workflow_versioning.py::test_save_invalid_workflow_returns_400 PASSED [ 99%]
tests/test_workflow_versioning.py::test_save_empty_workflow_id_returns_400 PASSED [100%]

================================== FAILURES ===================================
__________________________ test_compose_config_valid __________________________

    def test_compose_config_valid():
        """docker compose config succeeds for main compose file."""
        r = _compose_cmd("config", "--quiet")
>       assert r.returncode == 0, f"config failed: {r.stderr or r.stdout}"
E       AssertionError: config failed: env file C:\Users\lynch\.config\superpowers\worktrees\AI-toolkit\feat-comfyui-capability-panel\.env not found: GetFileAttributesEx C:\Users\lynch\.config\superpowers\worktrees\AI-toolkit\feat-comfyui-capability-panel\.env: The system cannot find the file specified.
E         
E       assert 1 == 0
E        +  where 1 = CompletedProcess(args=['docker', 'compose', '-f', 'C:\\Users\\lynch\\.config\\superpowers\\worktrees\\AI-toolkit\\feat-comfyui-capability-panel\\docker-compose.yml', 'config', '--quiet'], returncode=1, stdout='', stderr='env file C:\\Users\\lynch\\.config\\superpowers\\worktrees\\AI-toolkit\\feat-comfyui-capability-panel\\.env not found: GetFileAttributesEx C:\\Users\\lynch\\.config\\superpowers\\worktrees\\AI-toolkit\\feat-comfyui-capability-panel\\.env: The system cannot find the file specified.\n').returncode

tests\test_compose_smoke.py:43: AssertionError
____________________ test_compose_config_includes_networks ____________________

    def test_compose_config_includes_networks():
        """Compose config defines frontend and backend networks."""
        r = _compose_cmd("config")
>       assert r.returncode == 0
E       AssertionError: assert 1 == 0
E        +  where 1 = CompletedProcess(args=['docker', 'compose', '-f', 'C:\\Users\\lynch\\.config\\superpowers\\worktrees\\AI-toolkit\\feat-comfyui-capability-panel\\docker-compose.yml', 'config'], returncode=1, stdout='', stderr='env file C:\\Users\\lynch\\.config\\superpowers\\worktrees\\AI-toolkit\\feat-comfyui-capability-panel\\.env not found: GetFileAttributesEx C:\\Users\\lynch\\.config\\superpowers\\worktrees\\AI-toolkit\\feat-comfyui-capability-panel\\.env: The system cannot find the file specified.\n').returncode

tests\test_compose_smoke.py:49: AssertionError
________________ test_packs_endpoint_exposes_capability_field _________________

client = <starlette.testclient.TestClient object at 0x0000022C01A54490>

    def test_packs_endpoint_exposes_capability_field(client):
        """Every pack in /api/comfyui/packs must include a 'capability' string."""
        r = client.get("/api/comfyui/packs")
        assert r.status_code == 200
        data = r.json()
>       assert data["ok"] is True, data
E       AssertionError: {'defaults': [], 'error': 'models.json not found', 'ok': False, 'packs': {}}
E       assert False is True

tests\test_dashboard_comfyui_packs.py:34: AssertionError
_________________ test_packs_endpoint_exposes_resolved_files __________________

client = <starlette.testclient.TestClient object at 0x0000022C01A547C0>

    def test_packs_endpoint_exposes_resolved_files(client):
        """Every pack must include a 'files' list of {category, name} — resolved per {quant}."""
        r = client.get("/api/comfyui/packs")
        data = r.json()
>       assert data["ok"] is True, data
E       AssertionError: {'defaults': [], 'error': 'models.json not found', 'ok': False, 'packs': {}}
E       assert False is True

tests\test_dashboard_comfyui_packs.py:48: AssertionError
__________ test_generate_song_workflow_is_generic_and_parameterized ___________

    def test_generate_song_workflow_is_generic_and_parameterized():
        workflow_path = Path(
            "data/comfyui-storage/ComfyUI/user/default/workflows/mcp-api/generate_song.json"
        )
        metadata_path = workflow_path.with_suffix(".wfmeta")
    
>       workflow = json.loads(workflow_path.read_text(encoding="utf-8"))
                              ^^^^^^^^^^^^^^^^^^^^^^^^^^^^^^^^^^^^^^^^^

tests\test_generate_song_workflow_contract.py:13: 
_ _ _ _ _ _ _ _ _ _ _ _ _ _ _ _ _ _ _ _ _ _ _ _ _ _ _ _ _ _ _ _ _ _ _ _ _ _ _ _
C:\Program Files\Python314\Lib\pathlib\__init__.py:787: in read_text
    with self.open(mode='r', encoding=encoding, errors=errors, newline=newline) as f:
         ^^^^^^^^^^^^^^^^^^^^^^^^^^^^^^^^^^^^^^^^^^^^^^^^^^^^^^^^^^^^^^^^^^^^^^
_ _ _ _ _ _ _ _ _ _ _ _ _ _ _ _ _ _ _ _ _ _ _ _ _ _ _ _ _ _ _ _ _ _ _ _ _ _ _ _

self = WindowsPath('data/comfyui-storage/ComfyUI/user/default/workflows/mcp-api/generate_song.json')
mode = 'r', buffering = -1, encoding = 'utf-8', errors = None, newline = None

    def open(self, mode='r', buffering=-1, encoding=None,
             errors=None, newline=None):
        """
        Open the file pointed to by this path and return a file object, as
        the built-in open() function does.
        """
        if "b" not in mode:
            encoding = io.text_encoding(encoding)
>       return io.open(self, mode, buffering, encoding, errors, newline)
               ^^^^^^^^^^^^^^^^^^^^^^^^^^^^^^^^^^^^^^^^^^^^^^^^^^^^^^^^^
E       FileNotFoundError: [Errno 2] No such file or directory: 'data\\comfyui-storage\\ComfyUI\\user\\default\\workflows\\mcp-api\\generate_song.json'

C:\Program Files\Python314\Lib\pathlib\__init__.py:771: FileNotFoundError
_______________ test_openclaw_bridge_runtime_contract_is_stable _______________

    def test_openclaw_bridge_runtime_contract_is_stable() -> None:
        config = json.loads(OPENCLAW_CONFIG.read_text(encoding="utf-8"))
        providers = config["models"]["providers"]["gateway"]["models"]
        assert providers, "expected at least one gateway model configuration"
>       assert providers[0]["contextWindow"] == 256000
E       assert 65536 == 256000

tests\test_openclaw_runtime_contract.py:17: AssertionError
_________ test_openclaw_workspace_agents_bootstrap_stays_under_limit __________

    def test_openclaw_workspace_agents_bootstrap_stays_under_limit() -> None:
>       content = WORKSPACE_AGENTS.read_text(encoding="utf-8")
                  ^^^^^^^^^^^^^^^^^^^^^^^^^^^^^^^^^^^^^^^^^^^^

tests\test_openclaw_runtime_contract.py:36: 
_ _ _ _ _ _ _ _ _ _ _ _ _ _ _ _ _ _ _ _ _ _ _ _ _ _ _ _ _ _ _ _ _ _ _ _ _ _ _ _
C:\Program Files\Python314\Lib\pathlib\__init__.py:787: in read_text
    with self.open(mode='r', encoding=encoding, errors=errors, newline=newline) as f:
         ^^^^^^^^^^^^^^^^^^^^^^^^^^^^^^^^^^^^^^^^^^^^^^^^^^^^^^^^^^^^^^^^^^^^^^
_ _ _ _ _ _ _ _ _ _ _ _ _ _ _ _ _ _ _ _ _ _ _ _ _ _ _ _ _ _ _ _ _ _ _ _ _ _ _ _

self = WindowsPath('C:/Users/lynch/.config/superpowers/worktrees/AI-toolkit/feat-comfyui-capability-panel/data/openclaw/workspace/AGENTS.md')
mode = 'r', buffering = -1, encoding = 'utf-8', errors = None, newline = None

    def open(self, mode='r', buffering=-1, encoding=None,
             errors=None, newline=None):
        """
        Open the file pointed to by this path and return a file object, as
        the built-in open() function does.
        """
        if "b" not in mode:
            encoding = io.text_encoding(encoding)
>       return io.open(self, mode, buffering, encoding, errors, newline)
               ^^^^^^^^^^^^^^^^^^^^^^^^^^^^^^^^^^^^^^^^^^^^^^^^^^^^^^^^^
E       FileNotFoundError: [Errno 2] No such file or directory: 'C:\\Users\\lynch\\.config\\superpowers\\worktrees\\AI-toolkit\\feat-comfyui-capability-panel\\data\\openclaw\\workspace\\AGENTS.md'

C:\Program Files\Python314\Lib\pathlib\__init__.py:771: FileNotFoundError
______________ test_workspace_agents_require_prose_status_reply _______________

    def test_workspace_agents_require_prose_status_reply():
>       agents = Path("openclaw/workspace/AGENTS.md").read_text(encoding="utf-8")
                 ^^^^^^^^^^^^^^^^^^^^^^^^^^^^^^^^^^^^^^^^^^^^^^^^^^^^^^^^^^^^^^^^

tests\test_openclaw_session_status_contract.py:21: 
_ _ _ _ _ _ _ _ _ _ _ _ _ _ _ _ _ _ _ _ _ _ _ _ _ _ _ _ _ _ _ _ _ _ _ _ _ _ _ _
C:\Program Files\Python314\Lib\pathlib\__init__.py:787: in read_text
    with self.open(mode='r', encoding=encoding, errors=errors, newline=newline) as f:
         ^^^^^^^^^^^^^^^^^^^^^^^^^^^^^^^^^^^^^^^^^^^^^^^^^^^^^^^^^^^^^^^^^^^^^^
_ _ _ _ _ _ _ _ _ _ _ _ _ _ _ _ _ _ _ _ _ _ _ _ _ _ _ _ _ _ _ _ _ _ _ _ _ _ _ _

self = WindowsPath('openclaw/workspace/AGENTS.md'), mode = 'r', buffering = -1
encoding = 'utf-8', errors = None, newline = None

    def open(self, mode='r', buffering=-1, encoding=None,
             errors=None, newline=None):
        """
        Open the file pointed to by this path and return a file object, as
        the built-in open() function does.
        """
        if "b" not in mode:
            encoding = io.text_encoding(encoding)
>       return io.open(self, mode, buffering, encoding, errors, newline)
               ^^^^^^^^^^^^^^^^^^^^^^^^^^^^^^^^^^^^^^^^^^^^^^^^^^^^^^^^^
E       FileNotFoundError: [Errno 2] No such file or directory: 'openclaw\\workspace\\AGENTS.md'

C:\Program Files\Python314\Lib\pathlib\__init__.py:771: FileNotFoundError
============================== warnings summary ===============================
tests/test_orchestration_e2e.py::test_full_pipeline_compile_run_artifact_publish_callback
  C:\Users\lynch\AppData\Roaming\Python\Python314\site-packages\websockets\legacy\__init__.py:6: DeprecationWarning: websockets.legacy is deprecated; see https://websockets.readthedocs.io/en/stable/howto/upgrade.html for upgrade instructions
    warnings.warn(  # deprecated in 14.0 - 2024-11-09

tests/test_orchestration_e2e.py::test_full_pipeline_compile_run_artifact_publish_callback
  C:\Users\lynch\AppData\Roaming\Python\Python314\site-packages\uvicorn\protocols\websockets\websockets_impl.py:17: DeprecationWarning: websockets.server.WebSocketServerProtocol is deprecated
    from websockets.server import WebSocketServerProtocol

-- Docs: https://docs.pytest.org/en/stable/how-to/capture-warnings.html
=========================== short test summary info ===========================
FAILED tests/test_compose_smoke.py::test_compose_config_valid - AssertionErro...
FAILED tests/test_compose_smoke.py::test_compose_config_includes_networks - A...
FAILED tests/test_dashboard_comfyui_packs.py::test_packs_endpoint_exposes_capability_field
FAILED tests/test_dashboard_comfyui_packs.py::test_packs_endpoint_exposes_resolved_files
FAILED tests/test_generate_song_workflow_contract.py::test_generate_song_workflow_is_generic_and_parameterized
FAILED tests/test_openclaw_runtime_contract.py::test_openclaw_bridge_runtime_contract_is_stable
FAILED tests/test_openclaw_runtime_contract.py::test_openclaw_workspace_agents_bootstrap_stays_under_limit
FAILED tests/test_openclaw_session_status_contract.py::test_workspace_agents_require_prose_status_reply
============ 8 failed, 255 passed, 2 skipped, 2 warnings in 23.85s ============
